release (windows-latest)	Set up job	﻿2026-02-19T08:38:23.4035295Z Current runner version: '2.331.0'
release (windows-latest)	Set up job	2026-02-19T08:38:23.4093680Z ##[group]Runner Image Provisioner
release (windows-latest)	Set up job	2026-02-19T08:38:23.4094467Z Hosted Compute Agent
release (windows-latest)	Set up job	2026-02-19T08:38:23.4094955Z Version: 20260123.484
release (windows-latest)	Set up job	2026-02-19T08:38:23.4095537Z Commit: 6bd6555ca37d84114959e1c76d2c01448ff61c5d
release (windows-latest)	Set up job	2026-02-19T08:38:23.4096189Z Build Date: 2026-01-23T19:41:17Z
release (windows-latest)	Set up job	2026-02-19T08:38:23.4096783Z Worker ID: {a5feb9b4-f9f0-42d8-83a2-49153d2456dd}
release (windows-latest)	Set up job	2026-02-19T08:38:23.4097441Z Azure Region: westus3
release (windows-latest)	Set up job	2026-02-19T08:38:23.4097902Z ##[endgroup]
release (windows-latest)	Set up job	2026-02-19T08:38:23.4099265Z ##[group]Operating System
release (windows-latest)	Set up job	2026-02-19T08:38:23.4099842Z Microsoft Windows Server 2025
release (windows-latest)	Set up job	2026-02-19T08:38:23.4100404Z 10.0.26100
release (windows-latest)	Set up job	2026-02-19T08:38:23.4100803Z Datacenter
release (windows-latest)	Set up job	2026-02-19T08:38:23.4101224Z ##[endgroup]
release (windows-latest)	Set up job	2026-02-19T08:38:23.4101696Z ##[group]Runner Image
release (windows-latest)	Set up job	2026-02-19T08:38:23.4102164Z Image: windows-2025
release (windows-latest)	Set up job	2026-02-19T08:38:23.4102625Z Version: 20260209.23.1
release (windows-latest)	Set up job	2026-02-19T08:38:23.4103538Z Included Software: https://github.com/actions/runner-images/blob/win25/20260209.23/images/windows/Windows2025-Readme.md
release (windows-latest)	Set up job	2026-02-19T08:38:23.4105327Z Image Release: https://github.com/actions/runner-images/releases/tag/win25%2F20260209.23
release (windows-latest)	Set up job	2026-02-19T08:38:23.4106189Z ##[endgroup]
release (windows-latest)	Set up job	2026-02-19T08:38:23.4107431Z ##[group]GITHUB_TOKEN Permissions
release (windows-latest)	Set up job	2026-02-19T08:38:23.4109315Z Contents: write
release (windows-latest)	Set up job	2026-02-19T08:38:23.4109812Z Metadata: read
release (windows-latest)	Set up job	2026-02-19T08:38:23.4110256Z ##[endgroup]
release (windows-latest)	Set up job	2026-02-19T08:38:23.4112577Z Secret source: Actions
release (windows-latest)	Set up job	2026-02-19T08:38:23.4113266Z Prepare workflow directory
release (windows-latest)	Set up job	2026-02-19T08:38:23.4581548Z Prepare all required actions
release (windows-latest)	Set up job	2026-02-19T08:38:23.4620351Z Getting action download info
release (windows-latest)	Set up job	2026-02-19T08:38:23.8178782Z Download action repository 'actions/checkout@v4' (SHA:34e114876b0b11c390a56381ad16ebd13914f8d5)
release (windows-latest)	Set up job	2026-02-19T08:38:23.9447637Z Download action repository 'actions/setup-node@v4' (SHA:49933ea5288caeca8642d1e84afbd3f7d6820020)
release (windows-latest)	Set up job	2026-02-19T08:38:24.2270390Z Complete job name: release (windows-latest)
release (windows-latest)	Check out Git repository	﻿2026-02-19T08:38:24.3819122Z ##[group]Run actions/checkout@v4
release (windows-latest)	Check out Git repository	2026-02-19T08:38:24.3820292Z with:
release (windows-latest)	Check out Git repository	2026-02-19T08:38:24.3820731Z   repository: seanbud/git-cleanup-PRincess
release (windows-latest)	Check out Git repository	2026-02-19T08:38:24.3821491Z   token: ***
release (windows-latest)	Check out Git repository	2026-02-19T08:38:24.3821882Z   ssh-strict: true
release (windows-latest)	Check out Git repository	2026-02-19T08:38:24.3822264Z   ssh-user: git
release (windows-latest)	Check out Git repository	2026-02-19T08:38:24.3822665Z   persist-credentials: true
release (windows-latest)	Check out Git repository	2026-02-19T08:38:24.3823112Z   clean: true
release (windows-latest)	Check out Git repository	2026-02-19T08:38:24.3823706Z   sparse-checkout-cone-mode: true
release (windows-latest)	Check out Git repository	2026-02-19T08:38:24.3824198Z   fetch-depth: 1
release (windows-latest)	Check out Git repository	2026-02-19T08:38:24.3824591Z   fetch-tags: false
release (windows-latest)	Check out Git repository	2026-02-19T08:38:24.3824994Z   show-progress: true
release (windows-latest)	Check out Git repository	2026-02-19T08:38:24.3825409Z   lfs: false
release (windows-latest)	Check out Git repository	2026-02-19T08:38:24.3825768Z   submodules: false
release (windows-latest)	Check out Git repository	2026-02-19T08:38:24.3826179Z   set-safe-directory: true
release (windows-latest)	Check out Git repository	2026-02-19T08:38:24.3826900Z ##[endgroup]
release (windows-latest)	Check out Git repository	2026-02-19T08:38:24.5609285Z Syncing repository: seanbud/git-cleanup-PRincess
release (windows-latest)	Check out Git repository	2026-02-19T08:38:24.5611226Z ##[group]Getting Git version info
release (windows-latest)	Check out Git repository	2026-02-19T08:38:24.5612243Z Working directory is 'D:\a\git-cleanup-PRincess\git-cleanup-PRincess'
release (windows-latest)	Check out Git repository	2026-02-19T08:38:24.6622364Z [command]"C:\Program Files\Git\bin\git.exe" version
release (windows-latest)	Check out Git repository	2026-02-19T08:38:25.0772438Z git version 2.53.0.windows.1
release (windows-latest)	Check out Git repository	2026-02-19T08:38:25.0827724Z ##[endgroup]
release (windows-latest)	Check out Git repository	2026-02-19T08:38:25.0849259Z Temporarily overriding HOME='D:\a\_temp\5e86984e-e88c-47b6-a5b4-95939cb0d0fc' before making global git config changes
release (windows-latest)	Check out Git repository	2026-02-19T08:38:25.0850868Z Adding repository directory to the temporary git global config as a safe directory
release (windows-latest)	Check out Git repository	2026-02-19T08:38:25.0860994Z [command]"C:\Program Files\Git\bin\git.exe" config --global --add safe.directory D:\a\git-cleanup-PRincess\git-cleanup-PRincess
release (windows-latest)	Check out Git repository	2026-02-19T08:38:25.1449089Z Deleting the contents of 'D:\a\git-cleanup-PRincess\git-cleanup-PRincess'
release (windows-latest)	Check out Git repository	2026-02-19T08:38:25.1455677Z ##[group]Initializing the repository
release (windows-latest)	Check out Git repository	2026-02-19T08:38:25.1465741Z [command]"C:\Program Files\Git\bin\git.exe" init D:\a\git-cleanup-PRincess\git-cleanup-PRincess
release (windows-latest)	Check out Git repository	2026-02-19T08:38:25.2338806Z Initialized empty Git repository in D:/a/git-cleanup-PRincess/git-cleanup-PRincess/.git/
release (windows-latest)	Check out Git repository	2026-02-19T08:38:25.2386973Z [command]"C:\Program Files\Git\bin\git.exe" remote add origin https://github.com/seanbud/git-cleanup-PRincess
release (windows-latest)	Check out Git repository	2026-02-19T08:38:25.2948975Z ##[endgroup]
release (windows-latest)	Check out Git repository	2026-02-19T08:38:25.2950278Z ##[group]Disabling automatic garbage collection
release (windows-latest)	Check out Git repository	2026-02-19T08:38:25.2959325Z [command]"C:\Program Files\Git\bin\git.exe" config --local gc.auto 0
release (windows-latest)	Check out Git repository	2026-02-19T08:38:25.3280631Z ##[endgroup]
release (windows-latest)	Check out Git repository	2026-02-19T08:38:25.3281758Z ##[group]Setting up auth
release (windows-latest)	Check out Git repository	2026-02-19T08:38:25.3295974Z [command]"C:\Program Files\Git\bin\git.exe" config --local --name-only --get-regexp core\.sshCommand
release (windows-latest)	Check out Git repository	2026-02-19T08:38:25.3615357Z [command]"C:\Program Files\Git\bin\git.exe" submodule foreach --recursive "sh -c \"git config --local --name-only --get-regexp 'core\.sshCommand' && git config --local --unset-all 'core.sshCommand' || :\""
release (windows-latest)	Check out Git repository	2026-02-19T08:38:26.9636184Z [command]"C:\Program Files\Git\bin\git.exe" config --local --name-only --get-regexp http\.https\:\/\/github\.com\/\.extraheader
release (windows-latest)	Check out Git repository	2026-02-19T08:38:26.9970816Z [command]"C:\Program Files\Git\bin\git.exe" submodule foreach --recursive "sh -c \"git config --local --name-only --get-regexp 'http\.https\:\/\/github\.com\/\.extraheader' && git config --local --unset-all 'http.https://github.com/.extraheader' || :\""
release (windows-latest)	Check out Git repository	2026-02-19T08:38:27.5650759Z [command]"C:\Program Files\Git\bin\git.exe" config --local --name-only --get-regexp ^includeIf\.gitdir:
release (windows-latest)	Check out Git repository	2026-02-19T08:38:27.5968604Z [command]"C:\Program Files\Git\bin\git.exe" submodule foreach --recursive "git config --local --show-origin --name-only --get-regexp remote.origin.url"
release (windows-latest)	Check out Git repository	2026-02-19T08:38:28.1361815Z [command]"C:\Program Files\Git\bin\git.exe" config --local http.https://github.com/.extraheader "AUTHORIZATION: basic ***"
release (windows-latest)	Check out Git repository	2026-02-19T08:38:28.1676742Z ##[endgroup]
release (windows-latest)	Check out Git repository	2026-02-19T08:38:28.1677562Z ##[group]Fetching the repository
release (windows-latest)	Check out Git repository	2026-02-19T08:38:28.1692586Z [command]"C:\Program Files\Git\bin\git.exe" -c protocol.version=2 fetch --no-tags --prune --no-recurse-submodules --depth=1 origin +715cc90f88060d285bd8a137b91bf91f2b35e54d:refs/tags/v1.2.5
release (windows-latest)	Check out Git repository	2026-02-19T08:38:29.6881719Z From https://github.com/seanbud/git-cleanup-PRincess
release (windows-latest)	Check out Git repository	2026-02-19T08:38:29.6882548Z  * [new ref]         715cc90f88060d285bd8a137b91bf91f2b35e54d -> v1.2.5
release (windows-latest)	Check out Git repository	2026-02-19T08:38:29.7205749Z ##[endgroup]
release (windows-latest)	Check out Git repository	2026-02-19T08:38:29.7206371Z ##[group]Determining the checkout info
release (windows-latest)	Check out Git repository	2026-02-19T08:38:29.7208612Z ##[endgroup]
release (windows-latest)	Check out Git repository	2026-02-19T08:38:29.7219933Z [command]"C:\Program Files\Git\bin\git.exe" sparse-checkout disable
release (windows-latest)	Check out Git repository	2026-02-19T08:38:29.7676913Z [command]"C:\Program Files\Git\bin\git.exe" config --local --unset-all extensions.worktreeConfig
release (windows-latest)	Check out Git repository	2026-02-19T08:38:29.8008218Z ##[group]Checking out the ref
release (windows-latest)	Check out Git repository	2026-02-19T08:38:29.8019350Z [command]"C:\Program Files\Git\bin\git.exe" checkout --progress --force refs/tags/v1.2.5
release (windows-latest)	Check out Git repository	2026-02-19T08:38:29.9397760Z Note: switching to 'refs/tags/v1.2.5'.
release (windows-latest)	Check out Git repository	2026-02-19T08:38:29.9398544Z 
release (windows-latest)	Check out Git repository	2026-02-19T08:38:29.9398879Z You are in 'detached HEAD' state. You can look around, make experimental
release (windows-latest)	Check out Git repository	2026-02-19T08:38:29.9399402Z changes and commit them, and you can discard any commits you make in this
release (windows-latest)	Check out Git repository	2026-02-19T08:38:29.9399964Z state without impacting any branches by switching back to a branch.
release (windows-latest)	Check out Git repository	2026-02-19T08:38:29.9400265Z 
release (windows-latest)	Check out Git repository	2026-02-19T08:38:29.9400454Z If you want to create a new branch to retain commits you create, you may
release (windows-latest)	Check out Git repository	2026-02-19T08:38:29.9401660Z do so (now or later) by using -c with the switch command. Example:
release (windows-latest)	Check out Git repository	2026-02-19T08:38:29.9401951Z 
release (windows-latest)	Check out Git repository	2026-02-19T08:38:29.9402050Z   git switch -c <new-branch-name>
release (windows-latest)	Check out Git repository	2026-02-19T08:38:29.9402684Z 
release (windows-latest)	Check out Git repository	2026-02-19T08:38:29.9402836Z Or undo this operation with:
release (windows-latest)	Check out Git repository	2026-02-19T08:38:29.9403171Z 
release (windows-latest)	Check out Git repository	2026-02-19T08:38:29.9403285Z   git switch -
release (windows-latest)	Check out Git repository	2026-02-19T08:38:29.9403412Z 
release (windows-latest)	Check out Git repository	2026-02-19T08:38:29.9403621Z Turn off this advice by setting config variable advice.detachedHead to false
release (windows-latest)	Check out Git repository	2026-02-19T08:38:29.9403939Z 
release (windows-latest)	Check out Git repository	2026-02-19T08:38:29.9404179Z HEAD is now at 715cc90 fix: comparison branch persistence and stale closure
release (windows-latest)	Check out Git repository	2026-02-19T08:38:29.9949375Z ##[endgroup]
release (windows-latest)	Check out Git repository	2026-02-19T08:38:29.9960945Z [command]"C:\Program Files\Git\bin\git.exe" log -1 --format=%H
release (windows-latest)	Check out Git repository	2026-02-19T08:38:30.0276157Z 715cc90f88060d285bd8a137b91bf91f2b35e54d
release (windows-latest)	Install Node.js	﻿2026-02-19T08:38:30.0745759Z ##[group]Run actions/setup-node@v4
release (windows-latest)	Install Node.js	2026-02-19T08:38:30.0746105Z with:
release (windows-latest)	Install Node.js	2026-02-19T08:38:30.0746288Z   node-version: 20
release (windows-latest)	Install Node.js	2026-02-19T08:38:30.0746467Z   cache: npm
release (windows-latest)	Install Node.js	2026-02-19T08:38:30.0746629Z   always-auth: false
release (windows-latest)	Install Node.js	2026-02-19T08:38:30.0746816Z   check-latest: false
release (windows-latest)	Install Node.js	2026-02-19T08:38:30.0747188Z   token: ***
release (windows-latest)	Install Node.js	2026-02-19T08:38:30.0747366Z ##[endgroup]
release (windows-latest)	Install Node.js	2026-02-19T08:38:30.3390802Z Found in cache @ C:\hostedtoolcache\windows\node\20.20.0\x64
release (windows-latest)	Install Node.js	2026-02-19T08:38:30.3402500Z ##[group]Environment details
release (windows-latest)	Install Node.js	2026-02-19T08:38:34.5809063Z node: v20.20.0
release (windows-latest)	Install Node.js	2026-02-19T08:38:34.5809457Z npm: 10.8.2
release (windows-latest)	Install Node.js	2026-02-19T08:38:34.5809774Z yarn: 1.22.22
release (windows-latest)	Install Node.js	2026-02-19T08:38:34.5810374Z ##[endgroup]
release (windows-latest)	Install Node.js	2026-02-19T08:38:34.6640416Z [command]C:\Windows\system32\cmd.exe /D /S /C "C:\hostedtoolcache\windows\node\20.20.0\x64\npm.cmd config get cache"
release (windows-latest)	Install Node.js	2026-02-19T08:38:35.2332099Z C:\npm\cache
release (windows-latest)	Install Node.js	2026-02-19T08:38:35.6361644Z npm cache is not found
release (windows-latest)	Install Dependencies	﻿2026-02-19T08:38:35.6650057Z ##[group]Run npm ci
release (windows-latest)	Install Dependencies	2026-02-19T08:38:35.6650422Z [36;1mnpm ci[0m
release (windows-latest)	Install Dependencies	2026-02-19T08:38:35.6677449Z shell: C:\Program Files\Git\bin\bash.EXE --noprofile --norc -e -o pipefail {0}
release (windows-latest)	Install Dependencies	2026-02-19T08:38:35.6677955Z ##[endgroup]
release (windows-latest)	Install Dependencies	2026-02-19T08:38:40.6170531Z npm warn deprecated inflight@1.0.6: This module is not supported, and leaks memory. Do not use it. Check out lru-cache if you want a good and tested way to coalesce async requests by a key value, which is much more comprehensive and powerful.
release (windows-latest)	Install Dependencies	2026-02-19T08:38:40.7080905Z npm warn deprecated lodash.isequal@4.5.0: This package is deprecated. Use require('node:util').isDeepStrictEqual instead.
release (windows-latest)	Install Dependencies	2026-02-19T08:38:41.5469985Z npm warn deprecated glob@7.2.3: Old versions of glob are not supported, and contain widely publicized security vulnerabilities, which have been fixed in the current version. Please update. Support for old versions may be purchased (at exorbitant rates) by contacting i@izs.me
release (windows-latest)	Install Dependencies	2026-02-19T08:38:42.5025567Z npm warn deprecated boolean@3.2.0: Package no longer supported. Contact Support at https://www.npmjs.com/support for more info.
release (windows-latest)	Install Dependencies	2026-02-19T08:38:42.9365741Z npm warn deprecated tar@6.2.1: Old versions of tar are not supported, and contain widely publicized security vulnerabilities, which have been fixed in the current version. Please update. Support for old versions may be purchased (at exorbitant rates) by contacting i@izs.me
release (windows-latest)	Install Dependencies	2026-02-19T08:38:44.5592427Z npm warn deprecated glob@10.5.0: Old versions of glob are not supported, and contain widely publicized security vulnerabilities, which have been fixed in the current version. Please update. Support for old versions may be purchased (at exorbitant rates) by contacting i@izs.me
release (windows-latest)	Install Dependencies	2026-02-19T08:39:01.6168413Z 
release (windows-latest)	Install Dependencies	2026-02-19T08:39:01.6169778Z added 404 packages, and audited 405 packages in 25s
release (windows-latest)	Install Dependencies	2026-02-19T08:39:01.6170261Z 
release (windows-latest)	Install Dependencies	2026-02-19T08:39:01.6170511Z 62 packages are looking for funding
release (windows-latest)	Install Dependencies	2026-02-19T08:39:01.6170959Z   run `npm fund` for details
release (windows-latest)	Install Dependencies	2026-02-19T08:39:01.6671069Z 
release (windows-latest)	Install Dependencies	2026-02-19T08:39:01.6672073Z 24 vulnerabilities (5 moderate, 19 high)
release (windows-latest)	Install Dependencies	2026-02-19T08:39:01.6672318Z 
release (windows-latest)	Install Dependencies	2026-02-19T08:39:01.6672512Z To address issues that do not require attention, run:
release (windows-latest)	Install Dependencies	2026-02-19T08:39:01.6672832Z   npm audit fix
release (windows-latest)	Install Dependencies	2026-02-19T08:39:01.6672942Z 
release (windows-latest)	Install Dependencies	2026-02-19T08:39:01.6673148Z To address all issues (including breaking changes), run:
release (windows-latest)	Install Dependencies	2026-02-19T08:39:01.6673509Z   npm audit fix --force
release (windows-latest)	Install Dependencies	2026-02-19T08:39:01.6673652Z 
release (windows-latest)	Install Dependencies	2026-02-19T08:39:01.6673761Z Run `npm audit` for details.
release (windows-latest)	Build and Publish Electron App	﻿2026-02-19T08:39:01.7069190Z ##[group]Run npm run electron:build -- --publish always
release (windows-latest)	Build and Publish Electron App	2026-02-19T08:39:01.7069670Z [36;1mnpm run electron:build -- --publish always[0m
release (windows-latest)	Build and Publish Electron App	2026-02-19T08:39:01.7085658Z shell: C:\Program Files\Git\bin\bash.EXE --noprofile --norc -e -o pipefail {0}
release (windows-latest)	Build and Publish Electron App	2026-02-19T08:39:01.7086047Z env:
release (windows-latest)	Build and Publish Electron App	2026-02-19T08:39:01.7086456Z   GITHUB_TOKEN: ***
release (windows-latest)	Build and Publish Electron App	2026-02-19T08:39:01.7086716Z   GH_TOKEN: ***
release (windows-latest)	Build and Publish Electron App	2026-02-19T08:39:01.7086880Z ##[endgroup]
release (windows-latest)	Build and Publish Electron App	2026-02-19T08:39:02.3281197Z 
release (windows-latest)	Build and Publish Electron App	2026-02-19T08:39:02.3281904Z > git-cleanup-princess@1.2.5 electron:build
release (windows-latest)	Build and Publish Electron App	2026-02-19T08:39:02.3283179Z > npm run clean && vite build && electron-builder --publish always
release (windows-latest)	Build and Publish Electron App	2026-02-19T08:39:02.3283692Z 
release (windows-latest)	Build and Publish Electron App	2026-02-19T08:39:02.6576311Z 
release (windows-latest)	Build and Publish Electron App	2026-02-19T08:39:02.6657449Z > git-cleanup-princess@1.2.5 clean
release (windows-latest)	Build and Publish Electron App	2026-02-19T08:39:02.6658973Z > node -e "const fs=require('fs');['dist','dist-electron','release'].forEach(d=>{if(fs.existsSync(d)){fs.rmSync(d,{recursive:true,force:true})}})"
release (windows-latest)	Build and Publish Electron App	2026-02-19T08:39:02.6659931Z 
release (windows-latest)	Build and Publish Electron App	2026-02-19T08:39:03.2110162Z [36mvite v6.4.1 [32mbuilding for production...[36m[39m
release (windows-latest)	Build and Publish Electron App	2026-02-19T08:39:03.2990374Z 
release (windows-latest)	Build and Publish Electron App	2026-02-19T08:39:03.2991267Z /index.css doesn't exist at build time, it will remain unchanged to be resolved at runtime
release (windows-latest)	Build and Publish Electron App	2026-02-19T08:39:03.3110551Z transforming...
release (windows-latest)	Build and Publish Electron App	2026-02-19T08:39:04.4981384Z [32m✓[39m 59 modules transformed.
release (windows-latest)	Build and Publish Electron App	2026-02-19T08:39:04.6897010Z rendering chunks...
release (windows-latest)	Build and Publish Electron App	2026-02-19T08:39:04.6980886Z computing gzip size...
release (windows-latest)	Build and Publish Electron App	2026-02-19T08:39:04.7081467Z [2mdist/[22m[32mindex.html                [39m[1m[2m  2.40 kB[22m[1m[22m[2m │ gzip:  1.04 kB[22m
release (windows-latest)	Build and Publish Electron App	2026-02-19T08:39:04.7083079Z [2mdist/[22m[36massets/index-DqA5w4r9.js  [39m[1m[2m286.51 kB[22m[1m[22m[2m │ gzip: 86.50 kB[22m
release (windows-latest)	Build and Publish Electron App	2026-02-19T08:39:04.7086630Z [32m✓ built in 1.46s[39m
release (windows-latest)	Build and Publish Electron App	2026-02-19T08:39:04.7142804Z [36mvite v6.4.1 [32mbuilding for production...[36m[39m
release (windows-latest)	Build and Publish Electron App	2026-02-19T08:39:04.7251722Z transforming...
release (windows-latest)	Build and Publish Electron App	2026-02-19T08:39:05.9634322Z [32m✓[39m 235 modules transformed.
release (windows-latest)	Build and Publish Electron App	2026-02-19T08:39:06.1279380Z rendering chunks...
release (windows-latest)	Build and Publish Electron App	2026-02-19T08:39:06.1301973Z computing gzip size...
release (windows-latest)	Build and Publish Electron App	2026-02-19T08:39:06.1423279Z [2mdist-electron/[22m[36mmain.js  [39m[1m[2m364.94 kB[22m[1m[22m[2m │ gzip: 96.40 kB[22m
release (windows-latest)	Build and Publish Electron App	2026-02-19T08:39:06.1424398Z [32m✓ built in 1.43s[39m
release (windows-latest)	Build and Publish Electron App	2026-02-19T08:39:06.1462169Z [36mvite v6.4.1 [32mbuilding for production...[36m[39m
release (windows-latest)	Build and Publish Electron App	2026-02-19T08:39:06.1528089Z transforming...
release (windows-latest)	Build and Publish Electron App	2026-02-19T08:39:06.1544940Z [32m✓[39m 1 modules transformed.
release (windows-latest)	Build and Publish Electron App	2026-02-19T08:39:06.1583157Z rendering chunks...
release (windows-latest)	Build and Publish Electron App	2026-02-19T08:39:06.1596157Z computing gzip size...
release (windows-latest)	Build and Publish Electron App	2026-02-19T08:39:06.1605688Z [2mdist-electron/[22m[36mpreload.mjs  [39m[1m[2m1.76 kB[22m[1m[22m[2m │ gzip: 0.58 kB[22m
release (windows-latest)	Build and Publish Electron App	2026-02-19T08:39:06.1606503Z [32m✓ built in 14ms[39m
release (windows-latest)	Build and Publish Electron App	2026-02-19T08:39:06.9363018Z   • electron-builder  version=24.13.3 os=10.0.26100
release (windows-latest)	Build and Publish Electron App	2026-02-19T08:39:06.9477176Z   • loaded configuration  file=D:\a\git-cleanup-PRincess\git-cleanup-PRincess\electron-builder.json
release (windows-latest)	Build and Publish Electron App	2026-02-19T08:39:07.2074605Z   • packaging       platform=win32 arch=x64 electron=29.4.6 appOutDir=release\win-unpacked
release (windows-latest)	Build and Publish Electron App	2026-02-19T08:39:07.5938328Z   • downloading     url=https://github.com/electron/electron/releases/download/v29.4.6/electron-v29.4.6-win32-x64.zip size=108 MB parts=8
release (windows-latest)	Build and Publish Electron App	2026-02-19T08:39:07.9604957Z   • downloaded      url=https://github.com/electron/electron/releases/download/v29.4.6/electron-v29.4.6-win32-x64.zip duration=737ms
release (windows-latest)	Build and Publish Electron App	2026-02-19T08:39:10.5370263Z   • downloading     url=https://github.com/electron-userland/electron-builder-binaries/releases/download/winCodeSign-2.6.0/winCodeSign-2.6.0.7z size=5.6 MB parts=1
release (windows-latest)	Build and Publish Electron App	2026-02-19T08:39:10.6858403Z   • downloaded      url=https://github.com/electron-userland/electron-builder-binaries/releases/download/winCodeSign-2.6.0/winCodeSign-2.6.0.7z duration=496ms
release (windows-latest)	Build and Publish Electron App	2026-02-19T08:39:11.3645324Z   • building        target=nsis file=release\Git Cleanup PRincess-Setup-1.2.5.exe archs=x64 oneClick=false perMachine=false
release (windows-latest)	Build and Publish Electron App	2026-02-19T08:39:11.7910306Z   • downloading     url=https://github.com/electron-userland/electron-builder-binaries/releases/download/nsis-3.0.4.1/nsis-3.0.4.1.7z size=1.3 MB parts=1
release (windows-latest)	Build and Publish Electron App	2026-02-19T08:39:11.8943421Z   • downloaded      url=https://github.com/electron-userland/electron-builder-binaries/releases/download/nsis-3.0.4.1/nsis-3.0.4.1.7z duration=512ms
release (windows-latest)	Build and Publish Electron App	2026-02-19T08:39:38.9526883Z   • downloading     url=https://github.com/electron-userland/electron-builder-binaries/releases/download/nsis-resources-3.4.1/nsis-resources-3.4.1.7z size=731 kB parts=1
release (windows-latest)	Build and Publish Electron App	2026-02-19T08:39:39.0301372Z   • downloaded      url=https://github.com/electron-userland/electron-builder-binaries/releases/download/nsis-resources-3.4.1/nsis-resources-3.4.1.7z duration=444ms
release (windows-latest)	Build and Publish Electron App	2026-02-19T08:39:41.6818618Z   • building block map  blockMapFile=release\Git Cleanup PRincess-Setup-1.2.5.exe.blockmap
release (windows-latest)	Build and Publish Electron App	2026-02-19T08:39:42.3135038Z   • publishing      publisher=Github (owner: seanbud, project: git-cleanup-PRincess, version: 1.2.5)
release (windows-latest)	Build and Publish Electron App	2026-02-19T08:39:42.3164431Z   • uploading       file=Git-Cleanup-PRincess-Setup-1.2.5.exe.blockmap provider=github
release (windows-latest)	Build and Publish Electron App	2026-02-19T08:39:42.3610513Z   • uploading       file=Git-Cleanup-PRincess-Setup-1.2.5.exe provider=github
release (windows-latest)	Build and Publish Electron App	2026-02-19T08:39:42.9516576Z   • GitHub release not created  reason=existing type not compatible with publishing type tag=v1.2.5 version=1.2.5 existingType=release publishingType=draft
release (windows-latest)	Build and Publish Electron App	2026-02-19T08:39:42.9518580Z   • skipped publishing  file=Git-Cleanup-PRincess-Setup-1.2.5.exe.blockmap reason=existing type not compatible with publishing type tag=v1.2.5 version=1.2.5 existingType=release publishingType=draft
release (windows-latest)	Build and Publish Electron App	2026-02-19T08:39:42.9520494Z   • skipped publishing  file=Git-Cleanup-PRincess-Setup-1.2.5.exe reason=existing type not compatible with publishing type tag=v1.2.5 version=1.2.5 existingType=release publishingType=draft
release (windows-latest)	Build and Publish Electron App	2026-02-19T08:39:42.9538102Z   • skipped publishing  file=latest.yml reason=existing type not compatible with publishing type tag=v1.2.5 version=1.2.5 existingType=release publishingType=draft
release (windows-latest)	Post Install Node.js	﻿2026-02-19T08:39:43.0049883Z Post job cleanup.
release (windows-latest)	Post Install Node.js	2026-02-19T08:39:43.3608538Z [command]"C:\Program Files\Git\usr\bin\tar.exe" --posix -cf cache.tzst --exclude cache.tzst -P -C D:/a/git-cleanup-PRincess/git-cleanup-PRincess --files-from manifest.txt --force-local --use-compress-program "zstd -T0"
release (windows-latest)	Post Install Node.js	2026-02-19T08:39:45.6505423Z Sent 6815744 of 78065863 (8.7%), 6.4 MBs/sec
release (windows-latest)	Post Install Node.js	2026-02-19T08:39:46.6617337Z Sent 75694080 of 78065863 (97.0%), 35.7 MBs/sec
release (windows-latest)	Post Install Node.js	2026-02-19T08:39:47.0185273Z Sent 78065863 of 78065863 (100.0%), 31.3 MBs/sec
release (windows-latest)	Post Install Node.js	2026-02-19T08:39:47.2815383Z Cache saved with the key: node-cache-Windows-x64-npm-424aea49aa0039f5199bd324d7b737f1d61f3bd5a633bca7ceb268e7cbab300d
release (windows-latest)	Post Check out Git repository	﻿2026-02-19T08:39:47.3092644Z Post job cleanup.
release (windows-latest)	Post Check out Git repository	2026-02-19T08:39:47.5494858Z [command]"C:\Program Files\Git\bin\git.exe" version
release (windows-latest)	Post Check out Git repository	2026-02-19T08:39:47.6544778Z git version 2.53.0.windows.1
release (windows-latest)	Post Check out Git repository	2026-02-19T08:39:47.7039258Z Temporarily overriding HOME='D:\a\_temp\317006ce-f1d7-4816-93ef-ec7e9dff4960' before making global git config changes
release (windows-latest)	Post Check out Git repository	2026-02-19T08:39:47.7045822Z Adding repository directory to the temporary git global config as a safe directory
release (windows-latest)	Post Check out Git repository	2026-02-19T08:39:47.7047615Z [command]"C:\Program Files\Git\bin\git.exe" config --global --add safe.directory D:\a\git-cleanup-PRincess\git-cleanup-PRincess
release (windows-latest)	Post Check out Git repository	2026-02-19T08:39:47.7490887Z [command]"C:\Program Files\Git\bin\git.exe" config --local --name-only --get-regexp core\.sshCommand
release (windows-latest)	Post Check out Git repository	2026-02-19T08:39:47.7938824Z [command]"C:\Program Files\Git\bin\git.exe" submodule foreach --recursive "sh -c \"git config --local --name-only --get-regexp 'core\.sshCommand' && git config --local --unset-all 'core.sshCommand' || :\""
release (windows-latest)	Post Check out Git repository	2026-02-19T08:39:48.6828056Z [command]"C:\Program Files\Git\bin\git.exe" config --local --name-only --get-regexp http\.https\:\/\/github\.com\/\.extraheader
release (windows-latest)	Post Check out Git repository	2026-02-19T08:39:48.7094045Z http.https://github.com/.extraheader
release (windows-latest)	Post Check out Git repository	2026-02-19T08:39:48.7139067Z [command]"C:\Program Files\Git\bin\git.exe" config --local --unset-all http.https://github.com/.extraheader
release (windows-latest)	Post Check out Git repository	2026-02-19T08:39:48.7464121Z [command]"C:\Program Files\Git\bin\git.exe" submodule foreach --recursive "sh -c \"git config --local --name-only --get-regexp 'http\.https\:\/\/github\.com\/\.extraheader' && git config --local --unset-all 'http.https://github.com/.extraheader' || :\""
release (windows-latest)	Post Check out Git repository	2026-02-19T08:39:49.3208218Z [command]"C:\Program Files\Git\bin\git.exe" config --local --name-only --get-regexp ^includeIf\.gitdir:
release (windows-latest)	Post Check out Git repository	2026-02-19T08:39:49.3605530Z [command]"C:\Program Files\Git\bin\git.exe" submodule foreach --recursive "git config --local --show-origin --name-only --get-regexp remote.origin.url"
release (windows-latest)	Complete job	﻿2026-02-19T08:39:49.9968411Z Cleaning up orphan processes
